\BOOKMARK [0][]{ctitle.0}{\376\377\227\142\124\021\202\052\172\172\122\066\220\040\166\204\165\065\217\336\143\245\126\150\147\072\126\150\116\272\201\352\116\073\142\223\123\326\116\016\210\305\221\115\174\373\176\337\170\024\172\166}{}% 1
\BOOKMARK [0][]{etitle.0}{\376\377\000R\000e\000s\000e\000a\000r\000c\000h\000\040\000o\000n\000\040\000R\000o\000b\000o\000t\000i\000c\000\040\000A\000u\000t\000o\000n\000o\000m\000o\000u\000s\000\040\000G\000r\000a\000s\000p\000i\000n\000g\000\040\000a\000n\000d\000\040\000A\000s\000s\000e\000m\000b\000l\000y\000\040\000S\000y\000s\000t\000e\000m\000\040\000f\000o\000r\000\040\000E\000l\000e\000c\000t\000r\000i\000c\000a\000l\000\040\000C\000o\000n\000n\000e\000c\000t\000o\000r\000s\000\040\000i\000n\000\040\000A\000v\000i\000a\000t\000i\000o\000n\000\040\000M\000a\000n\000u\000f\000a\000c\000t\000u\000r\000i\000n\000g}{}% 2
\BOOKMARK [0][]{section*.3}{\376\377\144\130\000\040\211\201}{}% 3
\BOOKMARK [0][]{section*.5}{\376\377\000A\000b\000s\000t\000r\000a\000c\000t}{}% 4
\BOOKMARK [0][]{ccontent.0}{\376\377\166\356\000\040\137\125}{}% 5
\BOOKMARK [0][]{chapter.1}{\376\377\173\054\0001\172\340\000\040\176\352\213\272}{}% 6
\BOOKMARK [1][-]{section.1.1}{\376\377\0001\000.\0001\000\040\213\376\230\230\147\145\156\220}{chapter.1}% 7
\BOOKMARK [1][-]{section.1.2}{\376\377\0001\000.\0002\000\040\213\376\230\230\170\024\172\166\200\314\146\157\123\312\141\017\116\111}{chapter.1}% 8
\BOOKMARK [1][-]{section.1.3}{\376\377\0001\000.\0003\000\040\126\375\121\205\131\026\170\024\172\166\163\260\162\266}{chapter.1}% 9
\BOOKMARK [2][-]{subsection.1.3.1}{\376\377\0001\000.\0003\000.\0001\000\040\166\356\150\007\141\037\167\345\116\016\000\040\0006\000D\000\040\117\115\131\377\117\060\213\241\170\024\172\166\163\260\162\266}{section.1.3}% 10
\BOOKMARK [2][-]{subsection.1.3.2}{\376\377\0001\000.\0003\000.\0002\000\040\131\015\147\102\123\327\226\120\172\172\225\364\211\304\122\022\116\016\220\177\226\234\170\024\172\166\163\260\162\266}{section.1.3}% 11
\BOOKMARK [2][-]{subsection.1.3.3}{\376\377\0001\000.\0003\000.\0003\000\040\147\072\126\150\116\272\174\276\133\306\122\233\143\247\210\305\221\115\170\024\172\166\163\260\162\266}{section.1.3}% 12
\BOOKMARK [2][-]{subsection.1.3.4}{\376\377\0001\000.\0003\000.\0004\000\040\126\375\121\205\131\026\170\024\172\166\163\260\162\266\122\006\147\220}{section.1.3}% 13
\BOOKMARK [1][-]{section.1.4}{\376\377\0001\000.\0004\000\040\147\054\145\207\166\204\116\073\211\201\170\024\172\166\121\205\133\271}{chapter.1}% 14
\BOOKMARK [0][]{chapter.2}{\376\377\173\054\0002\172\340\000\040\127\372\116\216\155\361\136\246\133\146\116\140\166\204\165\065\217\336\143\245\126\150\213\306\122\053\116\016\117\115\131\377\117\060\213\241\170\024\172\166}{}% 15
\BOOKMARK [1][-]{section.2.1}{\376\377\0002\000.\0001\000\040\137\025\212\000}{chapter.2}% 16
\BOOKMARK [1][-]{section.2.2}{\376\377\0002\000.\0002\000\040\150\007\173\176\213\306\122\053\145\160\143\156\226\306\166\204\122\066\117\134\116\016\122\006\147\220}{chapter.2}% 17
\BOOKMARK [2][-]{subsection.2.2.1}{\376\377\0002\000.\0002\000.\0001\000\040\145\160\143\156\221\307\226\306\116\016\150\007\154\350\145\271\150\110}{section.2.2}% 18
\BOOKMARK [2][-]{subsection.2.2.2}{\376\377\0002\000.\0002\000.\0002\000\040\145\160\143\156\130\236\137\072}{section.2.2}% 19
\BOOKMARK [2][-]{subsection.2.2.3}{\376\377\0002\000.\0002\000.\0003\000\040\145\160\143\156\226\306\162\171\137\201\122\006\147\220}{section.2.2}% 20
\BOOKMARK [1][-]{section.2.3}{\376\377\0002\000.\0003\000\040\127\372\116\216\000\040\000Y\000O\000L\000O\000v\0008\000-\000s\000e\000g\000\040\166\204\166\356\150\007\150\300\155\113\116\016\133\236\117\213\122\006\122\162}{chapter.2}% 21
\BOOKMARK [2][-]{subsection.2.3.1}{\376\377\0002\000.\0003\000.\0001\000\040\173\227\154\325\220\011\127\213\116\016\140\073\117\123\176\323\147\204}{section.2.3}% 22
\BOOKMARK [2][-]{subsection.2.3.2}{\376\377\0002\000.\0003\000.\0002\000\040\143\137\131\061\121\375\145\160\116\016\213\255\176\303\123\302\145\160\213\276\177\156}{section.2.3}% 23
\BOOKMARK [2][-]{subsection.2.3.3}{\376\377\0002\000.\0003\000.\0003\000\040\122\250\140\001\000\040\000R\000O\000I\000\040\210\301\122\152\173\126\165\145}{section.2.3}% 24
\BOOKMARK [1][-]{section.2.4}{\376\377\0002\000.\0004\000\040\127\372\116\216\145\071\217\333\000\040\000D\000e\000e\000p\000L\000a\000b\000V\0003\000+\166\204\121\163\225\056\162\171\137\201\143\320\123\326\116\016\176\277\177\006\122\006\122\162}{chapter.2}% 25
\BOOKMARK [2][-]{subsection.2.4.1}{\376\377\0002\000.\0004\000.\0001\000\040\177\121\176\334\152\041\127\213\122\006\147\220}{section.2.4}% 26
\BOOKMARK [2][-]{subsection.2.4.2}{\376\377\0002\000.\0004\000.\0002\000\040\232\330\145\257\160\355\122\233\126\376\136\372\152\041\145\271\154\325}{section.2.4}% 27
\BOOKMARK [2][-]{subsection.2.4.3}{\376\377\0002\000.\0004\000.\0003\000\040\145\071\217\333\217\223\121\372\131\064\116\016\200\124\124\010\143\137\131\061\213\276\213\241}{section.2.4}% 28
\BOOKMARK [1][-]{section.2.5}{\376\377\0002\000.\0005\000\040\127\372\116\216\000\040\000E\000P\000n\000P\000\040\116\016\000\040\000R\000A\000N\000S\000A\000C\000\040\166\204\165\065\217\336\143\245\126\150\117\115\131\377\211\343\173\227}{chapter.2}% 29
\BOOKMARK [2][-]{subsection.2.5.1}{\376\377\0002\000.\0005\000.\0001\000\040\166\370\147\072\142\225\137\161\152\041\127\213\116\016\000\040\000E\000P\000n\000P\000\040\154\102\211\343}{section.2.5}% 30
\BOOKMARK [2][-]{subsection.2.5.2}{\376\377\0002\000.\0005\000.\0002\000\040\127\372\116\216\000\040\000R\000A\000N\000S\000A\000C\000\040\166\204\131\026\160\271\122\124\226\144}{section.2.5}% 31
\BOOKMARK [2][-]{subsection.2.5.3}{\376\377\0002\000.\0005\000.\0003\000\040\142\113\167\074\150\007\133\232\116\016\127\120\150\007\174\373\217\154\143\142}{section.2.5}% 32
\BOOKMARK [1][-]{section.2.6}{\376\377\0002\000.\0006\000\040\173\227\154\325\232\214\213\301\133\236\232\214}{chapter.2}% 33
\BOOKMARK [1][-]{section.2.7}{\376\377\0002\000.\0007\000\040\147\054\172\340\134\017\176\323}{chapter.2}% 34
\BOOKMARK [0][]{chapter.3}{\376\377\173\054\0003\172\340\000\040\165\065\217\336\143\245\126\150\201\352\116\073\142\223\123\326\145\271\154\325\170\024\172\166}{}% 35
\BOOKMARK [1][-]{section.3.1}{\376\377\0003\000.\0001\000\040\137\025\212\000}{chapter.3}% 36
\BOOKMARK [1][-]{section.3.2}{\376\377\0003\000.\0002\000\040\172\357\122\060\172\357\000\040\0006\000D\000\040\142\223\123\326\165\037\142\020\177\121\176\334}{chapter.3}% 37
\BOOKMARK [2][-]{subsection.3.2.1}{\376\377\0003\000.\0002\000.\0001\000\040\142\223\123\326\117\115\131\377\123\302\145\160\123\026\210\150\171\072}{section.3.2}% 38
\BOOKMARK [2][-]{subsection.3.2.2}{\376\377\0003\000.\0002\000.\0002\000\040\127\372\116\216\134\100\220\350\160\271\116\221\166\204\177\121\176\334\217\223\121\145\147\204\136\372}{section.3.2}% 39
\BOOKMARK [2][-]{subsection.3.2.3}{\376\377\0003\000.\0002\000.\0003\000\040\127\372\116\216\000\040\000C\000o\000n\000t\000a\000c\000t\000-\000G\000r\000a\000s\000p\000N\000e\000t\000\040\166\204\142\223\123\326\177\121\176\334\176\323\147\204}{section.3.2}% 40
\BOOKMARK [2][-]{subsection.3.2.4}{\376\377\0003\000.\0002\000.\0004\000\040\153\143\215\037\150\067\147\054\122\044\133\232\116\016\143\137\131\061\121\375\145\160\213\276\213\241}{section.3.2}% 41
\BOOKMARK [1][-]{section.3.3}{\376\377\0003\000.\0003\000\040\142\223\123\326\160\271\220\011\142\351\173\126\165\145\170\024\172\166}{chapter.3}% 42
\BOOKMARK [2][-]{subsection.3.3.1}{\376\377\0003\000.\0003\000.\0001\000\040\116\023\165\050\143\007\134\026\176\323\147\204\213\276\213\241\116\016\122\233\134\001\225\355\140\047\213\304\117\060}{section.3.3}% 43
\BOOKMARK [2][-]{subsection.3.3.2}{\376\377\0003\000.\0003\000.\0002\000\040\127\372\116\216\220\006\217\320\122\250\133\146\166\204\123\357\217\276\140\047\122\044\122\053}{section.3.3}% 44
\BOOKMARK [2][-]{subsection.3.3.3}{\376\377\0003\000.\0003\000.\0003\000\040\227\142\124\021\176\277\177\006\226\234\170\215\166\204\133\211\121\150\225\364\226\231\213\304\116\367}{section.3.3}% 45
\BOOKMARK [2][-]{subsection.3.3.4}{\376\377\0003\000.\0003\000.\0004\000\040\227\142\124\021\116\373\122\241\166\204\131\377\140\001\166\370\133\271\140\047\213\304\116\367}{section.3.3}% 46
\BOOKMARK [2][-]{subsection.3.3.5}{\376\377\0003\000.\0003\000.\0005\000\040\176\374\124\010\213\304\122\006\121\375\145\160\116\016\147\000\117\030\142\223\123\326\170\156\133\232}{section.3.3}% 47
\BOOKMARK [1][-]{section.3.4}{\376\377\0003\000.\0004\000\040\000G\000R\000R\000T\000-\000C\000o\000n\000n\000e\000c\000t\000\040\217\320\122\250\211\304\122\022\173\227\154\325\170\024\172\166}{chapter.3}% 48
\BOOKMARK [2][-]{subsection.3.4.1}{\376\377\0003\000.\0004\000.\0001\000\040\155\367\124\010\226\234\170\215\162\151\127\060\126\376\147\204\136\372}{section.3.4}% 49
\BOOKMARK [2][-]{subsection.3.4.2}{\376\377\0003\000.\0004\000.\0002\000\040\137\025\133\374\137\017\221\307\150\067\116\016\123\314\150\021\142\151\134\125\173\126\165\145}{section.3.4}% 50
\BOOKMARK [2][-]{subsection.3.4.3}{\376\377\0003\000.\0004\000.\0003\000\040\215\357\137\204\165\037\142\020\116\016\124\016\131\004\164\006\117\030\123\026}{section.3.4}% 51
\BOOKMARK [1][-]{section.3.5}{\376\377\0003\000.\0005\000\040\133\236\232\214\116\016\176\323\147\234\122\006\147\220}{chapter.3}% 52
\BOOKMARK [1][-]{section.3.6}{\376\377\0003\000.\0006\000\040\147\054\172\340\134\017\176\323}{chapter.3}% 53
\BOOKMARK [0][]{chapter.4}{\376\377\173\054\0004\172\340\000\040\165\065\217\336\143\245\126\150\147\324\230\172\210\305\221\115\143\247\122\066\145\271\154\325\170\024\172\166}{}% 54
\BOOKMARK [1][-]{section.4.1}{\376\377\0004\000.\0001\000\040\137\025\212\000}{chapter.4}% 55
\BOOKMARK [1][-]{section.4.2}{\376\377\0004\000.\0002\000\040\124\053\176\277\177\006\136\162\142\160\166\204\217\164\133\124\210\305\221\115\122\250\122\233\133\146\136\372\152\041\116\016\143\247\122\066\126\150\213\276\213\241}{chapter.4}% 56
\BOOKMARK [2][-]{subsection.4.2.1}{\376\377\0004\000.\0002\000.\0001\000\040\217\164\133\124\210\305\221\115\213\357\135\356\143\317\217\360}{section.4.2}% 57
\BOOKMARK [2][-]{subsection.4.2.2}{\376\377\0004\000.\0002\000.\0002\000\040\124\053\176\277\177\006\136\162\142\160\166\204\210\305\221\115\122\250\122\233\133\146\152\041\127\213}{section.4.2}% 58
\BOOKMARK [2][-]{subsection.4.2.3}{\376\377\0004\000.\0002\000.\0003\000\040\211\306\211\311\122\115\231\210\123\330\122\032\136\246\226\073\142\227\143\247\122\066\126\150\213\276\213\241}{section.4.2}% 59
\BOOKMARK [1][-]{section.4.3}{\376\377\0004\000.\0003\000\040\227\142\124\021\217\164\133\124\133\371\237\120\143\322\143\245\116\373\122\241\166\204\137\072\123\026\133\146\116\140\163\257\130\203\147\204\136\372}{chapter.4}% 60
\BOOKMARK [2][-]{subsection.4.3.1}{\376\377\0004\000.\0003\000.\0001\000\040\116\373\122\241\137\142\137\017\123\026\116\016\162\266\140\001\172\172\225\364\213\276\213\241}{section.4.3}% 61
\BOOKMARK [2][-]{subsection.4.3.2}{\376\377\0004\000.\0003\000.\0002\000\040\122\250\117\134\172\172\225\364\116\016\116\013\117\115\143\247\122\066\176\246\147\137}{section.4.3}% 62
\BOOKMARK [2][-]{subsection.4.3.3}{\376\377\0004\000.\0003\000.\0003\000\040\172\000\165\217\131\126\122\261\116\016\142\020\122\237\122\044\133\232\147\072\122\066}{section.4.3}% 63
\BOOKMARK [2][-]{subsection.4.3.4}{\376\377\0004\000.\0003\000.\0004\000\040\116\272\127\050\126\336\215\357\116\244\116\222\116\016\145\160\143\156\213\260\137\125\147\072\122\066}{section.4.3}% 64
\BOOKMARK [1][-]{section.4.4}{\376\377\0004\000.\0004\000\040\116\272\127\050\126\336\215\357\137\072\123\026\133\146\116\140\210\305\221\115\173\126\165\145\133\146\116\140\116\016\206\132\133\236\217\301\171\373\145\271\154\325}{chapter.4}% 65
\BOOKMARK [2][-]{subsection.4.4.1}{\376\377\0004\000.\0004\000.\0001\000\040\116\272\127\050\126\336\215\357\210\305\221\115\173\126\165\145\133\146\116\140\150\106\147\266}{section.4.4}% 66
\BOOKMARK [2][-]{subsection.4.4.2}{\376\377\0004\000.\0004\000.\0002\000\040\210\305\221\115\173\126\165\145\177\121\176\334\176\323\147\204\116\016\127\050\176\277\117\030\123\026\213\255\176\303\145\271\154\325}{section.4.4}% 67
\BOOKMARK [2][-]{subsection.4.4.3}{\376\377\0004\000.\0004\000.\0003\000\040\127\372\116\216\000\040\000I\000s\000a\000a\000c\000S\000i\000m\000\040\166\204\116\377\167\037\230\204\213\255\176\303\116\016\206\132\133\236\217\301\171\373\145\271\154\325}{section.4.4}% 68
\BOOKMARK [1][-]{section.4.5}{\376\377\0004\000.\0005\000\040\210\305\221\115\133\236\232\214\116\016\176\323\147\234\122\006\147\220}{chapter.4}% 69
\BOOKMARK [2][-]{subsection.4.5.1}{\376\377\0004\000.\0005\000.\0001\000\040\123\330\122\032\136\246\226\073\142\227\143\247\122\066\126\150\133\236\147\072\232\214\213\301}{section.4.5}% 70
\BOOKMARK [2][-]{subsection.4.5.2}{\376\377\0004\000.\0005\000.\0002\000\040\206\132\133\236\217\301\171\373\213\255\176\303\116\016\133\236\147\072\210\305\221\115\133\236\232\214}{section.4.5}% 71
\BOOKMARK [1][-]{section.4.6}{\376\377\0004\000.\0006\000\040\147\054\172\340\134\017\176\323}{chapter.4}% 72
\BOOKMARK [0][]{chapter.5}{\376\377\173\054\0005\172\340\000\040\165\065\217\336\143\245\126\150\147\072\126\150\116\272\201\352\116\073\210\305\221\115\174\373\176\337\226\306\142\020\116\016\176\374\124\010\133\236\232\214\170\024\172\166}{}% 73
\BOOKMARK [1][-]{section.5.1}{\376\377\0005\000.\0001\000\040\137\025\212\000}{chapter.5}% 74
\BOOKMARK [1][-]{section.5.2}{\376\377\0005\000.\0002\000\040\133\236\232\214\136\163\123\360\144\055\136\372\116\016\174\373\176\337\226\306\142\020}{chapter.5}% 75
\BOOKMARK [2][-]{subsection.5.2.1}{\376\377\0005\000.\0002\000.\0001\000\040\202\052\172\172\147\072\202\061\152\041\142\337\163\257\130\203\116\016\170\154\116\366\147\204\142\020}{section.5.2}% 76
\BOOKMARK [2][-]{subsection.5.2.2}{\376\377\0005\000.\0002\000.\0002\000\040\174\373\176\337\150\007\133\232\116\016\174\276\136\246\122\006\147\220}{section.5.2}% 77
\BOOKMARK [2][-]{subsection.5.2.3}{\376\377\0005\000.\0002\000.\0003\000\040\217\157\116\366\117\123\174\373\116\016\145\160\143\156\155\101\225\355\163\257}{section.5.2}% 78
\BOOKMARK [1][-]{section.5.3}{\376\377\0005\000.\0003\000\040\141\037\167\345\040\024\211\304\122\022\133\120\174\373\176\337\200\124\124\010\232\214\213\301\133\236\232\214}{chapter.5}% 79
\BOOKMARK [2][-]{subsection.5.3.1}{\376\377\0005\000.\0003\000.\0001\000\040\116\011\171\315\121\170\127\213\135\345\121\265\213\276\177\156}{section.5.3}% 80
\BOOKMARK [2][-]{subsection.5.3.2}{\376\377\0005\000.\0003\000.\0002\000\040\141\037\167\345\213\306\122\053\116\016\142\223\123\326\232\214\213\301}{section.5.3}% 81
\BOOKMARK [2][-]{subsection.5.3.3}{\376\377\0005\000.\0003\000.\0003\000\040\211\304\122\022\155\210\207\215\133\371\153\324\133\236\232\214}{section.5.3}% 82
\BOOKMARK [1][-]{section.5.4}{\376\377\0005\000.\0004\000\040\227\142\124\021\202\052\172\172\122\066\220\040\166\204\121\150\155\101\172\013\176\374\124\010\232\214\213\301}{chapter.5}% 83
\BOOKMARK [2][-]{subsection.5.4.1}{\376\377\0005\000.\0004\000.\0001\000\040\133\236\232\214\155\101\172\013\213\276\213\241}{section.5.4}% 84
\BOOKMARK [2][-]{subsection.5.4.2}{\376\377\0005\000.\0004\000.\0002\000\040\116\011\171\315\127\072\146\157\116\013\166\204\121\150\155\101\172\013\133\236\232\214\176\323\147\234\116\016\121\170\127\213\131\061\215\045\122\006\147\220}{section.5.4}% 85
\BOOKMARK [1][-]{section.5.5}{\376\377\0005\000.\0005\000\040\147\054\172\340\134\017\176\323}{chapter.5}% 86
\BOOKMARK [0][]{section*.14}{\376\377\176\323\000\040\213\272}{}% 87
\BOOKMARK [0][]{section*.17}{\376\377\123\302\200\003\145\207\163\056}{}% 88
